# serializer version: 1
# name: test_health_endpoint
  dict({
    'message': 'The API is running smoothly.',
    'status': 'healthy',
  })
# ---
